// Jest Snapshot v1, https://goo.gl/fbAQLP

exports[`Question matches the snapshot when a name is passed 1`] = `
Object {
  "asFragment": [Function],
  "baseElement": <body>
    <div>
      <div
        class="col d-flex justify-content-center"
      >
        <div
          class="card"
          style="width: 18rem;"
        >
          <div
            class="card-body"
          >
            <h5
              class="card-title"
            >
              mtsamis
            </h5>
            <h6
              class="card-subtitle mb-2 text-body-secondary"
            >
              02:16:AM | 05/01/2017
            </h6>
            <a
              class="btn btn-primary w-100"
              href="/questions/xj352vofupe1dqz9emx13r"
            >
              Show
            </a>
          </div>
        </div>
      </div>
    </div>
  </body>,
  "container": <div>
    <div
      class="col d-flex justify-content-center"
    >
      <div
        class="card"
        style="width: 18rem;"
      >
        <div
          class="card-body"
        >
          <h5
            class="card-title"
          >
            mtsamis
          </h5>
          <h6
            class="card-subtitle mb-2 text-body-secondary"
          >
            02:16:AM | 05/01/2017
          </h6>
          <a
            class="btn btn-primary w-100"
            href="/questions/xj352vofupe1dqz9emx13r"
          >
            Show
          </a>
        </div>
      </div>
    </div>
  </div>,
  "debug": [Function],
  "findAllByAltText": [Function],
  "findAllByDisplayValue": [Function],
  "findAllByLabelText": [Function],
  "findAllByPlaceholderText": [Function],
  "findAllByRole": [Function],
  "findAllByTestId": [Function],
  "findAllByText": [Function],
  "findAllByTitle": [Function],
  "findByAltText": [Function],
  "findByDisplayValue": [Function],
  "findByLabelText": [Function],
  "findByPlaceholderText": [Function],
  "findByRole": [Function],
  "findByTestId": [Function],
  "findByText": [Function],
  "findByTitle": [Function],
  "getAllByAltText": [Function],
  "getAllByDisplayValue": [Function],
  "getAllByLabelText": [Function],
  "getAllByPlaceholderText": [Function],
  "getAllByRole": [Function],
  "getAllByTestId": [Function],
  "getAllByText": [Function],
  "getAllByTitle": [Function],
  "getByAltText": [Function],
  "getByDisplayValue": [Function],
  "getByLabelText": [Function],
  "getByPlaceholderText": [Function],
  "getByRole": [Function],
  "getByTestId": [Function],
  "getByText": [Function],
  "getByTitle": [Function],
  "queryAllByAltText": [Function],
  "queryAllByDisplayValue": [Function],
  "queryAllByLabelText": [Function],
  "queryAllByPlaceholderText": [Function],
  "queryAllByRole": [Function],
  "queryAllByTestId": [Function],
  "queryAllByText": [Function],
  "queryAllByTitle": [Function],
  "queryByAltText": [Function],
  "queryByDisplayValue": [Function],
  "queryByLabelText": [Function],
  "queryByPlaceholderText": [Function],
  "queryByRole": [Function],
  "queryByTestId": [Function],
  "queryByText": [Function],
  "queryByTitle": [Function],
  "rerender": [Function],
  "unmount": [Function],
}
`;
